node.exe : Debugger 
listening on ws://127.0.0
.1:9229/96650cdf-bb5f-426
7-b7f9-4e9518f18585
At C:\Program 
Files\nodejs\npm.ps1:13 
char:14
+ $NPM_PREFIX=(& 
$NODE_EXE $NPM_PREFIX_JS)
+              ~~~~~~~~~~
~~~~~~~~~~~~~~~~
    + CategoryInfo       
       : NotSpecified:   
  (Debugger listen...f   
 9-4e9518f18585:Strin    
g) [], RemoteExcepti    
on
    + FullyQualifiedErro 
   rId : NativeCommandE  
  rror
 
For help, see: https://no
dejs.org/en/docs/inspecto
r
node.exe : Debugger 
listening on ws://127.0.0
.1:9229/6bbff920-fa91-4a9
6-ac27-9fd68e815b27
At C:\Program 
Files\nodejs\npm.ps1:29 
char:3
+   & $NODE_EXE 
$NPM_CLI_JS $args
+   ~~~~~~~~~~~~~~~~~~~~~
~~~~~~~~
    + CategoryInfo       
       : NotSpecified:   
  (Debugger listen...2   
 7-9fd68e815b27:Strin    
g) [], RemoteExcepti    
on
    + FullyQualifiedErro 
   rId : NativeCommandE  
  rror
 
For help, see: https://no
dejs.org/en/docs/inspecto
r

> drkishori@0.1.0 build
> next build

Starting inspector on 
127.0.0.1:9229 failed: 
address already in use
   Γû▓ Next.js 15.3.4

   Creating an optimized production build ...
Starting inspector on 
127.0.0.1:9229 failed: 
address already in use
Failed to compile.

./src/app/about/page.tsx
Error:   [31mx[0m 
Unexpected token `div`. 
Expected jsx identifier
   ,-[[36;1;4mC:\Users\d
ell\drkishori\src\app\abo
ut\page.tsx[0m:6:1]
 [2m3[0m | 
 [2m4[0m | export 
default function 
AboutPage() {
 [2m5[0m |   return (
 [2m6[0m |     <div 
className="min-h-screen 
bg-white">
   : [35;1m     ^^^[0m
 [2m7[0m |       {/* 
Hero Section */}
 [2m8[0m |       <div 
className="relative 
bg-blue-700 
overflow-hidden">
 [2m9[0m |         
<div 
className="max-w-7xl 
mx-auto">
   `----

Caused by:
    Syntax Error

Import trace for 
requested module:
./src/app/about/page.tsx

./src/app/blog/[id]/page.
tsx
Error:   [31mx[0m 
Unexpected token `div`. 
Expected jsx identifier
    ,-[[36;1;4mC:\Users\
dell\drkishori\src\app\bl
og\[id]\page.tsx[0m:82:1
]
 [2m79[0m |   const 
readTime = 
Math.ceil(wordCount / 
200);
 [2m80[0m | 
 [2m81[0m |   return (
 [2m82[0m |     <div 
className="bg-white">
    : [35;1m     ^^^[0m
 [2m83[0m |       <div 
className="mx-auto 
max-w-7xl px-6 lg:px-8 
py-16">
 [2m84[0m |         
<div className="mx-auto 
max-w-7xl px-6 lg:px-8 
py-16">
 [2m85[0m |         
<div 
className="max-w-4xl 
mx-auto">
    `----

Caused by:
    Syntax Error

Import trace for 
requested module:
./src/app/blog/[id]/page.
tsx

./src/app/blog/page.tsx
Error:   [31mx[0m 
Unexpected token `div`. 
Expected jsx identifier
    ,-[[36;1;4mC:\Users\
dell\drkishori\src\app\bl
og\page.tsx[0m:9:1]
 [2m 6[0m |   const 
allPosts = 
getSortedPostsData();
 [2m 7[0m | 
 [2m 8[0m |   return (
 [2m 9[0m |     <div 
className="min-h-screen 
bg-white">
    : [35;1m     ^^^[0m
 [2m10[0m |       {/* 
Hero Section */}
 [2m11[0m |       <div 
className="bg-blue-700 
text-white py-16">
 [2m12[0m |         
<div 
className="max-w-7xl 
mx-auto px-4 sm:px-6 
lg:px-8 text-center">
    `----

Caused by:
    Syntax Error

Import trace for 
requested module:
./src/app/blog/page.tsx


> Build failed because 
of webpack errors
